static-alpha.flickr.com
farm7.static.flickr.com
testvmdeploy.flickr.com
photoz.flickr.com
up.beta3.flickr.com
emailtest.flickr.com
jubilee-test.flickr.com
push.test.flickr.com
static39.flickr.com
photos13b.flickr.com
photos17b.flickr.com
testvmwww4.flickr.com
photos13.flickr.com
bf1.pool.static.flickr.com
photos28.flickr.com
up.beta1.flickr.com
gq1-farm6.static.flickr.com
m.flickr.com
ir2.farm8.static.flickr.com
test-fts.flickr.com
real-www.flickr.com
photos10b.flickr.com
m-dev.flickr.com
hermes-production.flickr.com
com.gmail.yuyang226.flickr.com
appletv-ro.flickr.com
backstage1.flickr.com
sg3-farm8.static.flickr.com
ps8.photosession.sp2.flickr.com
jobs.flickr.com
burndown.flickr.com
careers.flickr.com
static9.flickr.com
farm1.static.flickr.com
real-alpha.flickr.com
codereview.flickr.com
www19.flickr.com
gq1-alpha.flickr.com
identity-staging.flickr.com
gq1-farm5.static.flickr.com
m.transjax.flickr.com
amt.flickr.com
perf2-gin.flickr.com
photos16b.flickr.com
www2.dev.flickr.com
static20.flickr.com
www-pool-gq1.flickr.com
ir2-farm5.static.flickr.com
photos19.flickr.com
www18.flickr.com
flunk.flickr.com
www9.flickr.com
backstage-ext.flickr.com
farm6.hv-static.flickr.com
photos9b.flickr.com
photos12.flickr.com
bf1.pool-farm1.static.flickr.com
fl1-sitecode-int.flickr.com
wallet.flickr.com
bf1.pool-farm2.static.flickr.com
chubbychinesegirleats.comwww.flickr.com
photos7b.flickr.com
stats.flickr.com
real.farm4.static.flickr.com
gq1-pool.static.flickr.com
testvmtools.flickr.com
real.farm6.static.flickr.com
ac4.farm4.static.flickr.com
static14.flickr.com
kevin-mcguire.comwww.flickr.com
appletv-rw.flickr.com
dogfood.flickr.com
next.flickr.com
photos20.flickr.com
alpha1.farm1.static.flickr.com
real.bup-resume.flickr.com
photos14b.flickr.com
photos2b.flickr.com
m-alpha.flickr.com
backstage3.flickr.com
0708api.flickr.com
ch1.farm1.static.flickr.com
mobile.sp1.flickr.com
www5.dev.flickr.com
login-alpha.flickr.com
heartbeat.flickr.com
www17.flickr.com
flimg.flickr.com
up.dev.flickr.com
gq1.pool-farm4.static.flickr.com
live-embedr.flickr.com
api.beta3.flickr.com
embedr.flickr.comembedr.flickr.com
gne.flickr.com
rw.api.flickr.com
developer.flickr.com
photos14a.flickr.com
eric.flickr.com
tools.flickr.com
us.pool-farm6.static.flickr.com
ue.embedr.flickr.com
bf1-farm9.static.flickr.com
bots.gin.flickr.com
boomwritten.corp.flickr.com
farm2.static.flickr.com
sg3.farm5.static.flickr.com
ch1.farm3.static.flickr.com
ne1.pool.static.flickr.com
deploy.gin.flickr.com
gq1-farm9.hv-static.flickr.com
gq1-farm2.static.flickr.com
ydtzumwjlxrpuw2zwz3zuntnx5fm6df2._domainkey.flickr.com
ch1.up.flickr.com
embedr-development.flickr.com
backstage5.dev.flickr.com
parkorbird.flickr.com
hermes.flickr.com
appletv.flickr.com
alpha-rw.flickr.com
farm.static.flickr.com
ps1.photosession.sp2.flickr.com
help-dev.flickr.com
gq1.farm4.static.flickr.com
static11.flickr.com
www6.flickr.com
panda.flickr.com
us.pool-farm1.static.flickr.com
rw-alpha.flickr.com
bf1.pool-farm7.static.flickr.com
ycpi-stage.up.flickr.com
up.backstage.flickr.com
dev1.flickr.com
real.www.flickr.com
ac4.farm3.static.flickr.com
uploadr.flickr.com
bf1.farm7.static.flickr.com
bf1.farm5.static.flickr.com
embedr-production.flickr.com
m-backstage.flickr.com
ue.heartbeat.flickr.com
bluebird.flickr.com
gq1.pool-farm2.static.flickr.com
bf1-farm8.hv-static.flickr.com
sg3-farm7.static.flickr.com
new.code.flickr.com
testvmwww2.flickr.com
sg3.farm8.static.flickr.com
farm2.static-alpha.flickr.com
gq1.farm6.static.flickr.com
up.staging.flickr.com
tic.flickr.com
www4.flickr.com
api.flickr.com
sp1.farm3.static.flickr.com
photos5a.flickr.com
ch1-farm7.static.flickr.com
testvmwww1.flickr.com
photos22.flickr.com
farm9.hv-static.flickr.com
photos15a.flickr.com
gq1-farm3.static.flickr.com
photos13a.flickr.com
backstage4.dev.flickr.com
deploy.flickr.com
secure.flickr.com
backstage2.flickr.com
photos16a.flickr.com
test-flickr.flickr.com
photos18a.flickr.com
live-appletv.flickr.com
real.farm7.static.flickr.com
alpha-fts.flickr.com
spike.gin.flickr.com
static1.flickr.com
csp.flickr.com
hermes-development.flickr.com
ps3.photosession.sp2.flickr.com
www21.flickr.com
photos20a.flickr.com
backstage1.dev.flickr.com
fa14._domainkey.flickr.com
photos16.flickr.com
mud.www.flickr.com
ps7.photosession.sp2.flickr.com
bf1-pool.static.flickr.com
api.alpha.flickr.com
staging1.flickr.com
gq1.pool-farm8.static.flickr.com
rw.www.flickr.com
farm2.static-dev.flickr.com
www101.dev.flickr.com
alpha-downloads.flickr.com
ps6.photosession.sp2.flickr.com
api-alpha.flickr.com
re2.farm2.static.flickr.com
static29.flickr.com
atic.flickr.com
www10.flickr.com
labs.transjax.flickr.com
aue.static.flickr.com
perf-gin.flickr.com
sg3-farm5.static.flickr.com
bf1-farm4.static.flickr.com
photos12b.flickr.com
uploader.flickr.com
www.flickr.com
photos11b.flickr.com
farm1.static-dev.flickr.com
farm5.hv-static.flickr.com
api.backstage.flickr.com
mobiledev.flickr.com
uh.flickr.com
farm4.static-dev.flickr.com
real.www-pool.flickr.com
cvs-mud.flickr.com
alpha-rhel6.flickr.com
skyphrase.flickr.com
backstage2.dev.flickr.com
appletv-production.flickr.com
labs.extbeta1.flickr.com
ch1-farm9.static.flickr.com
photos1a.flickr.com
dev2.hermes.flickr.com
up-dev.flickr.com
m.backstage.flickr.com
dev4.flickr.com
dev4.hermes.flickr.com
real.apiv2.flickr.com
www8.flickr.com
static27.flickr.com
sg3-farm4.static.flickr.com
testvmwww3.flickr.com
www7.flickr.com
yphp.flickr.com
ch1.farm6.static.flickr.com
groups.flickr.com
photos.flickr.com
photosession.corp.flickr.com
static17.flickr.com
static22.flickr.com
wwwbench.flickr.com
deployr-test.flickr.com
apiv2.flickr.com
labs.dev.flickr.com
bf1.pool-farm6.static.flickr.com
static3.flickr.com
live-haproxy.flickr.com
real.api.flickr.com
gq1-farm4.static.flickr.com
alpha-www.flickr.com
ycpi.api.flickr.com
ps4.photosession.sp2.flickr.com
alpha-m.flickr.com
qa-fe1.photosession.vip.sp1.flickr.com
flag1.flickr.com
photos12a.flickr.com
rw-api.flickr.com
us.pool-farm9.static.flickr.com
gin.flickr.com
downloadr-dev.flickr.com
bounce.flickr.com
dev-embedr.flickr.com
callback.flickr.com
jubilee-live.flickr.com
live-hermes-canary.flickr.com
dev-deploy.flickr.com
dev3.flickr.com
identity-api.flickr.com
staticalpha.flickr.com
bf1-www.flickr.com
m-staging.flickr.com
ir2.static.flickr.com
www1.flickr.com
secure.dev.flickr.com
bf1-farm3.static.flickr.com
blogtest.flickr.com
lightup.flickr.com
staging.hermes.flickr.com
photos1.flickr.com
ir2.farm5.static.flickr.com
static18.flickr.com
up-resume.flickr.com
static7.flickr.com
search.flickr.com
static15.flickr.com
farm1072aa5168.static.flickr.com
up.beta2.flickr.com
www7.dev.flickr.com
secure.beta1.flickr.com
farm9.static.flickr.com
photos10.flickr.com
csync.flickr.com
live-jubilee.flickr.com
farm3.static-alpha.flickr.com
alpha-up.flickr.com
help.flickr.com
www12.flickr.com
alpha-ext.flickr.com
sg3.farm6.static.flickr.com
static26.flickr.com
labs.beta1.flickr.com
jubilee-live-internal.flickr.com
widgets.flickr.com
deploy1.flickr.com
extbeta1.flickr.com
dev.flickr.com
origin.mud.up.flickr.com
m.beta1.flickr.com
api.dev.flickr.com
embedr.flickr.com
bf1-farm2.static.flickr.com
static6.flickr.com
photos11.flickr.com
ir2-farm7.static.flickr.com
devs.flickr.com
com.flickr4java.flickr.com
bf1-farm1.static.flickr.com
zendesk1._domainkey.flickr.com
labs.staging.flickr.com
real.farm1.static.flickr.com
photos29.flickr.com
real.auto-up.flickr.com
api.staging.flickr.com
photos7.flickr.com
staging-gin.flickr.com
static31.flickr.com
photos8a.flickr.com
ir2-farm8.static.flickr.com
dev.gin.flickr.com
devtools.flickr.com
farm3.static.flickr.com
photos23.flickr.com
wwww.flickr.com
2fapi.flickr.com
ps9.photosession.sp2.flickr.com
ne1.pool-farm7.static.flickr.com
rksd.flickr.com
real-api.flickr.com
photos3a.flickr.com
sg3.farm4.static.flickr.com
sg3-farm6.static.flickr.com
live-fts.flickr.com
guce.flickr.com
ir2.farm4.static.flickr.com
gq1.pool-farm9.static.flickr.com
up.transjax.flickr.com
www2.flickr.com
static30.flickr.com
bridge.flickr.com
scouts.flickr.com
photos17.flickr.com
transjax.flickr.com
ir2-farm4.static.flickr.com
downloads.flickr.com
bf1.tools.flickr.com
bf1.pool-farm8.static.flickr.com
bf1.static.flickr.com
mud.farm1.static.flickr.com
flipv6.flickr.com
support.flickr.com
alpha-bf1b-fts.flickr.com
backstage101.dev.flickr.com
photos19b.flickr.com
photos6a.flickr.com
alpha3.flickr.com
login.flickr.com
uh-stage.flickr.com
us.pool-farm3.static.flickr.com
backstage3.dev.flickr.com
beta3.flickr.com
4zh5vrzagjt6agi5ovs4yiq4c45gyeoe._domainkey.flickr.com
ch1.farm5.static.flickr.com
www20.flickr.com
dev-sitecode.flickr.com
cvs.flickr.com
alpha-real.flickr.com
gq1.farm8.static.flickr.com
photos27.flickr.com
ps12.photosession.sp2.flickr.com
rw.alpha.flickr.com
test-identity-api.flickr.com
beta.staging.flickr.com
smoke-gin.flickr.com
static40.flickr.com
refunds.flickr.com
static19.flickr.com
perf.gin.flickr.com
ro.www.flickr.com
www13.flickr.com
deployr-tripod.flickr.com
www.m.flickr.com
dev-fts.flickr.com
testvmstaging.flickr.com
us.pool-farm8.static.flickr.com
secure.real.flickr.com
us.pool-farm2.static.flickr.com
gq1.pool.static.flickr.com
dev3.gin.flickr.com
gq1.farm3.static.flickr.com
dev2.flickr.com
ir2.farm2.static.flickr.com
stock.flickr.com
photos20b.flickr.com
markfordartsculpture.flickr.com
www6.dev.flickr.com
10.72.104.128api.flickr.com
static13.flickr.com
photos6b.flickr.com
static37.flickr.com
ir2-farm1.static.flickr.com
ir2.farm3.static.flickr.com
ch1-farm5.static.flickr.com
photos25.flickr.com
photos6.flickr.com
staging.flickr.com
static-dev.flickr.com
photos7a.flickr.com
alpha1.flickr.com
805173012api.flickr.com
alpha-bf1a-fts.flickr.com
www5.flickr.com
url7462.flickr.com
flkr._domainkey.flickr.com
ats-rw.www.flickr.com
api.yphp.flickr.com
farm4.hv-static.flickr.com
alpha-bf1.flickr.com
api.beta.staging.flickr.com
ps5.photosession.sp2.flickr.com
alpha-gq1.flickr.com
photos8.flickr.com
staging.gin.flickr.com
photos5b.flickr.com
sg3-farm1.static.flickr.com
dev.hermes.flickr.com
sg3.farm3.static.flickr.com
sg3.farm9.static.flickr.com
jbuild.flickr.com
sitecode-stage.flickr.com
s.static.flickr.com
bf1-farm9.hv-static.flickr.com
bup-resume.flickr.com
bf1-farm6.static.flickr.com
sg3.farm1.static.flickr.com
ch1-farm2.static.flickr.com
ir2.farm7.static.flickr.com
photos18b.flickr.com
csync.int.flickr.com
adjax.flickr.com
ycpi-stage.www.flickr.com
farm8.hv-static.flickr.com
platform.mobile.sp1.flickr.com
ch1-farm8.static.flickr.com
farm5.static.flickr.com
photos4b.flickr.com
photos30.flickr.com
api.beta2.flickr.com
farm8.static.flickr.com
labs.beta2.flickr.com
static-mud-dev.flickr.com
photos10a.flickr.com
farm3.hv-static.flickr.com
tiles.flickr.com
photos4.flickr.com
qa-gin.flickr.com
bf2.farm1.static.flickr.com
pro.flickr.com
fog.flickr.com
explore.flickr.com
static12.flickr.com
static36.flickr.com
up.beta.staging.flickr.com
alpha.flickr.com
static34.flickr.com
account.flickr.com
www3.dev.flickr.com
dev4.gin.flickr.com
static2.flickr.com
www-pool-bf1.flickr.com
bf1.farm6.static.flickr.com
www16.flickr.com
ops-dashboard.flickr.com
up-pool-gq1.flickr.com
s2._domainkey.flickr.com
mud.up.flickr.com
www15.flickr.com
gq1.pool-farm6.static.flickr.com
us.pool-farm5.static.flickr.com
sg3-farm9.static.flickr.com
smoke.gin.flickr.com
real-heartbeat.flickr.com
kbounces.flickr.com
real.farm5.static.flickr.com
alpha-api.flickr.com
blog.flickr.com
laf-mud.flickr.com
sg3-farm2.static.flickr.com
login-dev-east.flickr.com
farm0.static.flickr.com
rw-www.flickr.com
trunk.guce.flickr.com
ir2.farm9.static.flickr.com
sslorigin1.flickr.com
real.farm3.static.flickr.com
links1.flickr.com
photosession.flickr.com
upkeep.flickr.com
downloadr.flickr.com
s1._domainkey.flickr.com
ycpi-alpha.flickr.com
login-dev-west.flickr.com
create.flickr.com
test-professorx.flickr.com
gq1.www.flickr.com
static21.flickr.com
static8.flickr.com
appletv-development.flickr.com
api.extbeta1.flickr.com
photos2a.flickr.com
gq1.farm2.static.flickr.com
bf2.farm6.static.flickr.com
v2-staging.flickr.com
ps10.photosession.sp2.flickr.com
sonic.flickr.com
www.farm2.static.flickr.com
api.secure.flickr.com
ps2.photosession.sp2.flickr.com
re2.www.flickr.com
uh-qa.flickr.com
static33.flickr.com
bf1.farm1.static.flickr.com
ch1.farm8.static.flickr.com
bf1.alpha.flickr.com
real.farm9.static.flickr.com
bf1.farm3.static.flickr.com
yts2fts-real.www.flickr.com
fl1-sitecode.flickr.com
www-us.flickr.com
us.pool-farm7.static.flickr.com
zabbix.flickr.com
gq1-farm9.static.flickr.com
bf1.www.flickr.com
test-jubilee-alb.flickr.com
farm8.static.flickr.comfarm8.static.flickr.com
api-backstage.flickr.com
photos33.flickr.com
us.pool.static.flickr.com
ir2-farm3.static.flickr.com
boournsdown.flickr.com
m.extbeta1.flickr.com
real.alpha.flickr.com
ch1.farm4.static.flickr.com
local.flickr.com
ch1-farm4.static.flickr.com
ir2-farm6.static.flickr.com
photos4a.flickr.com
identity-production.flickr.com
static.flickr.com
pc-relay-gq1.flickr.com
bf1.pool-farm3.static.flickr.com
sg3.farm2.static.flickr.com
up-staging.flickr.com
0715api.flickr.com
ch1.static.flickr.com
photos9.flickr.com
dev2.gin.flickr.com
photos9a.flickr.com
ycpi-prod.www.flickr.com
loadfeedback.flickr.com
bf1.farm8.static.flickr.com
farm1.static-alpha.flickr.com
appletv-real.flickr.com
static35.flickr.com
mud.staging.flickr.com
backstages.flickr.com
real.farm8.static.flickr.com
beta2.flickr.com
m.beta2.flickr.com
api-staging.flickr.com
up-backstage.flickr.com
farm1.hv-static.flickr.com
api-dev.flickr.com
4ub7zcg7pwddfaht7fzco5nu72se6277._domainkey.flickr.com
ps13.photosession.sp2.flickr.com
www1.dev.flickr.com
ne1.farm7.static.flickr.com
api.beta1.flickr.com
fwww.flickr.com
identity.flickr.com
images.flickr.com
photos1b.flickr.com
spike-gin.flickr.com
10.72.104.128embedr.flickr.com
sg3.farm7.static.flickr.com
spike.hermes.flickr.com
rw.hermes.flickr.com
internal-api.flickr.com
up.flickr.com
ch1-farm1.static.flickr.com
up.extbeta1.flickr.com
dev-hermes.flickr.com
identity-development.flickr.com
live-cf.flickr.com
api.transjax.flickr.com
test-jubilee.flickr.com
ycpi.up.flickr.com
does.isi.jhu.eduwww.flickr.com
ch1.farm7.static.flickr.com
rw.gin.flickr.com
beta1.flickr.com
static10.flickr.com
bugs.flickr.com
real-embedr.flickr.com
dev2-gin.flickr.com
real.hermes.flickr.com
hv-static.flickr.com
static25.flickr.com
stage.guce.flickr.com
static24.flickr.com
backstage6.dev.flickr.com
withinqueen.corp.flickr.com
ir2.farm6.static.flickr.com
photos21.flickr.com
ch1.farm9.static.flickr.com
photos15b.flickr.com
fts-alpha.flickr.com
ue.health.flickr.com
m.staging.flickr.com
gq1.pool-farm5.static.flickr.com
mail.flickr.com
auto-up-resume.flickr.com
hero.flickr.com
photos32.flickr.com
up-pool.flickr.com
static5.flickr.com
photos18.flickr.com
static38.flickr.com
bup.flickr.com
sg3-farm3.static.flickr.com
auto-up.flickr.com
rw.alpha-www.flickr.com
t.flickr.com
alpha-wwwrhel6.flickr.com
svn.flickr.com
deployr.flickr.com
bf1.staging.flickr.com
b.farm1.static-alpha.flickr.com
email.gh-mail.flickr.com
up-alpha.flickr.com
151230144309api.flickr.com
farm6.static.flickr.com
photos8b.flickr.com
bf1-farm7.static.flickr.com
dev-appletv.flickr.com
ir2.farm1.static.flickr.com
10.72.105.165www.flickr.com
s.flickr.com
bf1-farm8.static.flickr.com
photos14.flickr.com
arrow.flickr.com
up.yphp.flickr.com
yts2fts-rw.www.flickr.com
code.flickr.com
bf1.pool-farm9.static.flickr.com
pc-relay.flickr.com
bf1-farm5.static.flickr.com
www11.flickr.com
real.bup.flickr.com
photos2.flickr.com
ycpi-api.flickr.com
photos19a.flickr.com
real-downloadr.flickr.com
backstage.flickr.com
phaser.flickr.com
photos26.flickr.com
bots.flickr.com
real.up.flickr.com
mdogfood.flickr.com
help-email.flickr.com
dev3.hermes.flickr.com
farm4.static.flickr.com
labs.beta.staging.flickr.com
gq1.farm9.static.flickr.com
farm66.static.flickr.com
photos3.flickr.com
ne1.static.flickr.com
user-bertfan.dev.gin.flickr.com
oncall.flickr.com
gq1.farm5.static.flickr.com
links.flickr.com
photos3b.flickr.com
static32.flickr.com
e9476.ksd.akamaiedge.netheartbeat.flickr.com
photos17a.flickr.com
farm2.hv-static.flickr.com
zendesk2._domainkey.flickr.com
stage-embedr.flickr.com
static16.flickr.com
gq1.static.flickr.com
ir2-farm2.static.flickr.com
up-pool-bf2.flickr.com
us.pool-farm4.static.flickr.com
photos15.flickr.com
login-dev.flickr.com
gq1-farm8.hv-static.flickr.com
static28.flickr.com
gq1.farm1.static.flickr.com
photos31.flickr.com
live-professorx.flickr.com
real-mud.www.flickr.com
dev-photoshare1.platform.mobile.sp1.flickr.com
www.flickr.comwww.flickr.com
photos11a.flickr.com
dev-gin.flickr.com
real.farm2.static.flickr.com
djtjcxy6x273mml7owxnkc6bdkzpn72j._domainkey.flickr.com
flickr.com
gq1-farm1.static.flickr.com
ch1.farm2.static.flickr.com
dev-ps1.photosession.sp2.flickr.com
live-jubilee-alb.flickr.com
re2.farm1.static.flickr.com
2fwww.flickr.com
gq1.pool-farm1.static.flickr.com
m.beta.staging.flickr.com
www4.dev.flickr.com
real-up.flickr.com
upload.flickr.com
stage-fe1.photosession.vip.sp2.flickr.com
labs.flickr.com
up.alpha.flickr.com
ns3.flickr.com
photos5.flickr.com
ericsoco.dev.gin.flickr.com
ac4.farm5.static.flickr.com
sg3.static.flickr.com
bf1.pool-farm4.static.flickr.com
ch1-farm6.static.flickr.com
gq1.pool-farm3.static.flickr.com
bf1.deploy.flickr.com
ats-real.www.flickr.com
10.72.180.60farm8.static.flickr.com
farm7.hv-static.flickr.com
gq1-farm8.static.flickr.com
www14.flickr.com
fe1.photosession.vip.sp2.flickr.com
m.dev.flickr.com
accounts.flickr.com
www-int.alpha.flickr.com
photos24.flickr.com
sp1.flickr.com
gq1-www.flickr.com
sp1.farm2.static.flickr.com
www-alpha.flickr.com
bf1.farm4.static.flickr.com
pool.static.flickr.com
ir2-farm9.static.flickr.com
bf1.farm9.static.flickr.com
static23.flickr.com
3fm6rwsqfxeuku74uo3bjkck3wzerayb._domainkey.flickr.com
bf1.pool-farm5.static.flickr.com
perf2.gin.flickr.com
alpha2.flickr.com
ps11.photosession.sp2.flickr.com
ch1-farm3.static.flickr.com
cameraroll.flickr.com
dog.flickr.com
sitescope.flickr.com
health.flickr.com
real.gin.flickr.com
static4.flickr.com
ludicorp.flickr.com
www3.flickr.com
dagobah.flickr.com
bf1.farm2.static.flickr.com
qa.gin.flickr.com
kaizhi.dev.gin.flickr.com